src/telemetry/token_budget_enforcer.ts(255,25): error TS2367: This comparison appears to be unintentional because the types '"fail" | "warn" | "continue"' and '"truncate_and_continue"' have no overlap.
